Microchip MPLAB XC8 Compiler V3.10

Linker command line:

-W-3 \
  --edf=C:\Program Files\Microchip\xc8\v3.10\pic\dat\20250813170317_en.msgs \
  -cn -h+dist/default/production\Project1_ECU1.X.production.sym \
  --cmf=dist/default/production\Project1_ECU1.X.production.cmf -z -Q18F4580 \
  -oC:\Users\HP\AppData\Local\Temp\xcAsfu8.0\driver_tmp_3.o \
  --defsym=__MPLAB_BUILD=1 --fixupoverflow=error \
  -Mdist/default/production/Project1_ECU1.X.production.map \
  --md=C:\Users\HP\AppData\Local\Temp\xcAsfu8.0\driver_tmp_0.dat -E1 \
  -ver=XC8 Compiler -ACODE=00h-03000h -ACONST=00h-03000h \
  -ASMALLCONST=0600h-06FFhx42,03000h-03000h -AMEDIUMCONST=0600h-03000h \
  -ACOMRAM=01h-05Fh -AABS1=00h-05FFh -ABIGRAM=01h-05FFh \
  -ARAM=060h-0FFh,0100h-01FFhx5 -ABANK0=060h-0FFh -ABANK1=0100h-01FFh \
  -ABANK2=0200h-02FFh -ABANK3=0300h-03FFh -ABANK4=0400h-04FFh \
  -ABANK5=0500h-05FFh -ASFR=0D00h-0DFFhx2,0F00h-0F5Fh,0F60h-0FFFh \
  -ABIGSFR=0D00h-0FFFh -ACONFIG=0300000h-030000Dh -AIDLOC=0200000h-0200007h \
  -AEEDATA=0F00000h-0F000FFh -peeprom_data=EEDATA \
  -preset_vec=00h,intcode=8h,intcodelo=18h,sivt_lo,sivt_hi=CODE \
  -ppowerup=CODE,init -pramtop=0600h -psmallconst=SMALLCONST \
  -pmediumconst=MEDIUMCONST -pconst=CONST -AFARRAM=00h-00h \
  -prdata=COMRAM,nvrram=COMRAM,nvbit=COMRAM,rbss=COMRAM,rbit=COMRAM \
  -pfarbss=FARRAM,fardata=FARRAM,nvFARRAM=FARRAM \
  -pintsave_regs=BIGRAM,bigbss=BIGRAM,bigdata=BIGRAM -pbss=RAM \
  -pidata=CODE,irdata=CODE,ibigdata=CODE,ifardata=CODE -prparam=COMRAM \
  C:\Users\HP\AppData\Local\Temp\xcAsfu8.0\driver_tmp_9.o \
  dist/default/production\Project1_ECU1.X.production.o 

Object code version is 3.11

Machine type is 18F4580



                Name                               Link     Load   Length Selector   Space Scale
C:\Users\HP\AppData\Local\Temp\xcAsfu8.0\driver_tmp_9.o
                idloc                            200000   200000        8        0       5
                config                           300000   300000        E        0       4
                init                                  E        E        4        4       0
                reset_vec                             0        0        4        0       0
dist/default/production\Project1_ECU1.X.production.o
                intcode                               8        8        6        4       0
                idloc                            200000   200000        8        0       5
                config                           300000   300000        E        0       4
                smallconst                          600      600        2      300       0
                intcode_body                       10E8     10E8       5A      301       0
                text17                             1188     1188       3C      301       0
                text16                              FAA      FAA       6E      301       0
                text15                              EC4      EC4       74      301       0
                text14                              D06      D06       B4      301       0
                text13                              602      602      38E      301       0
                text12                              B44      B44      106      301       0
                text11                              F38      F38       72      301       0
                text10                              990      990      1B4      301       0
                text9                              1142     1142       46      301       0
                text8                               DBA      DBA       90      301       0
                text7                              1224     1224       1C      301       0
                text6                              11C4     11C4       38      301       0
                text5                              124E     124E        8      301       0
                text4                              1240     1240        E      301       0
                text3                              1084     1084       64      301       0
                text2                              1018     1018       6C      301       0
                text1                               C4A      C4A       BC      301       0
                text0                               E4A      E4A       7A      301       0
                cstackCOMRAM                          2        2       44        2       1
                dataCOMRAM                           51       51        1        2       1
                bssCOMRAM                            46       46        B        2       1
                cinit                              11FC     11FC       28      301       0
                idataCOMRAM                        1256     1256        1      301       0

TOTAL           Name                               Link     Load   Length     Space
        CLASS   CODE           
                intcode                               8        8        6         0
                init                                  E        E        4         0
                reset_vec                             0        0        4         0
                intcode_body                       10E8     10E8       5A         0
                text17                             1188     1188       3C         0
                text16                              FAA      FAA       6E         0
                text15                              EC4      EC4       74         0
                text14                              D06      D06       B4         0
                text13                              602      602      38E         0
                text12                              B44      B44      106         0
                text11                              F38      F38       72         0
                text10                              990      990      1B4         0
                text9                              1142     1142       46         0
                text8                               DBA      DBA       90         0
                text7                              1224     1224       1C         0
                text6                              11C4     11C4       38         0
                text5                              124E     124E        8         0
                text4                              1240     1240        E         0
                text3                              1084     1084       64         0
                text2                              1018     1018       6C         0
                text1                               C4A      C4A       BC         0
                text0                               E4A      E4A       7A         0
                cinit                              11FC     11FC       28         0
                idataCOMRAM                        1256     1256        1         0

        CLASS   CONST          

        CLASS   SMALLCONST     
                smallconst                          600      600        2         0

        CLASS   MEDIUMCONST    

        CLASS   COMRAM         
                cstackCOMRAM                          2        2       44         1
                dataCOMRAM                           51       51        1         1
                bssCOMRAM                            46       46        B         1

        CLASS   ABS1           
                abs_s1                                1        1        1         1

        CLASS   BIGRAM         

        CLASS   RAM            

        CLASS   BANK0          

        CLASS   BANK1          

        CLASS   BANK2          

        CLASS   BANK3          

        CLASS   BANK4          

        CLASS   BANK5          

        CLASS   SFR            

        CLASS   BIGSFR         

        CLASS   CONFIG         
                config                           300000   300000        E         4

        CLASS   IDLOC          
                idloc                            200000   200000        8         5

        CLASS   EEDATA         

        CLASS   FARRAM         

        CLASS   HEAP           

        CLASS   STACK          



SEGMENTS        Name                           Load    Length   Top    Selector   Space  Class

                reset_vec                      000000  000004  000004         0       0  CODE    
                cstackCOMRAM                   000002  000050  000052         2       1  COMRAM  
                intcode                        000008  00000A  000012         4       0  CODE    
                smallconst                     000600  000002  000602       300       0  SMALLCON
                text13                         000602  000C55  001257       301       0  CODE    


UNUSED ADDRESS RANGES

        Name                Unused          Largest block    Delta
        BANK0            000060-0000FF               A0
        BANK1            000100-0001FF              100
        BANK2            000200-0002FF              100
        BANK3            000300-0003FF              100
        BANK4            000400-0004FF              100
        BANK5            000500-0005FF              100
        BIGRAM           000052-0005FF              5AE
        BIGSFR           000D00-000FFF              300
        CODE             000004-000007                4
                         000012-0005FF              5EE
                         001257-003000             1DAA
        COMRAM           000052-00005F                E
        CONST            000004-000007                4
                         000012-0005FF              5EE
                         001257-003000             1DAA
        EEDATA           F00000-F000FF              100
        MEDIUMCONST      001257-003000             1DAA
        RAM              000060-0005FF              100
        SFR              000D00-000FFF              100
        SMALLCONST       001257-003000              100

                                  Symbol Table

?___fldiv                          cstackCOMRAM 000017
?___fltol                          cstackCOMRAM 000030
?___lwdiv                          cstackCOMRAM 000002
?___lwmod                          cstackCOMRAM 000002
?___xxtofl                         cstackCOMRAM 000009
?_get_speed                        cstackCOMRAM 00003A
?_read_adc                         cstackCOMRAM 000002
_ACQT0                             (abs)        007E03
_ACQT1                             (abs)        007E04
_ACQT2                             (abs)        007E05
_ADCON0                            (abs)        000FC2
_ADCS0                             (abs)        007E00
_ADCS1                             (abs)        007E01
_ADCS2                             (abs)        007E02
_ADFM                              (abs)        007E07
_ADON                              (abs)        007E10
_ADRESH                            (abs)        000FC4
_ADRESL                            (abs)        000FC3
_BRGCON1                           (abs)        000F70
_BRGCON2                           (abs)        000F71
_BRGCON3                           (abs)        000F72
_CANCON                            (abs)        000F6F
_CANSTAT                           (abs)        000F6E
_ECANCON                           (abs)        000F77
_GO                                (abs)        007E11
_GODONE                            (abs)        007E11
_PORTC                             (abs)        000F82
_PORTD                             (abs)        000F83
_RC0                               (abs)        007C10
_RC1                               (abs)        007C11
_RC2                               (abs)        007C12
_RD7                               (abs)        007C1F
_RXB0CON                           (abs)        000F60
_RXB0D0                            (abs)        000F66
_RXB0DLC                           (abs)        000F65
_RXB0FUL                           (abs)        007B07
_RXB0IF                            (abs)        007D20
_RXB0SIDH                          (abs)        000F61
_RXB0SIDL                          (abs)        000F62
_RXFCON0                           (abs)        000DD4
_TMR0                              (abs)        000FD6
_TMR0IF                            (abs)        007F92
_TRISB2                            (abs)        007C9A
_TRISB3                            (abs)        007C9B
_TRISC                             (abs)        000F94
_TRISD                             (abs)        000F95
_TRISD7                            (abs)        007CAF
_TXB0D0                            (abs)        000F46
_TXB0DLC                           (abs)        000F45
_TXB0EIDH                          (abs)        000F43
_TXB0EIDL                          (abs)        000F44
_TXB0REQ                           (abs)        007A03
_TXB0SIDH                          (abs)        000F41
_TXB0SIDL                          (abs)        000F42
_VCFG0                             (abs)        007E0C
_VCFG1                             (abs)        007E0D
__HRAM                             (abs)        000000
__H__absolute__                    __absolute__ 000000
__Habs1                            abs1         000000
__Hbank0                           bank0        000000
__Hbank1                           bank1        000000
__Hbank2                           bank2        000000
__Hbank3                           bank3        000000
__Hbank4                           bank4        000000
__Hbank5                           bank5        000000
__Hbigbss                          bigbss       000000
__Hbigdata                         bigdata      000000
__Hbigram                          bigram       000000
__Hbigsfr                          bigsfr       000000
__Hbss                             bss          000000
__HbssCOMRAM                       bssCOMRAM    000000
__Hcinit                           cinit        000000
__Hclrtext                         clrtext      000000
__Hcomram                          comram       000000
__Hconfig                          config       30000E
__Hconst                           const        000000
__HcstackCOMRAM                    cstackCOMRAM 000000
__Hdata                            data         000000
__HdataCOMRAM                      dataCOMRAM   000000
__Heeprom_data                     eeprom_data  000000
__Hfarbss                          farbss       000000
__Hfardata                         fardata      000000
__Hheap                            heap         000000
__Hibigdata                        ibigdata     000000
__Hidata                           idata        000000
__HidataCOMRAM                     idataCOMRAM  000000
__Hidloc                           idloc        200008
__Hifardata                        ifardata     000000
__Hinit                            init         000012
__Hintcode                         intcode      00000E
__Hintcode_body                    intcode_body 000000
__Hintcodelo                       intcodelo    000018
__Hintentry                        intentry     000000
__Hintret                          intret       000000
__Hintsave_regs                    intsave_regs 000000
__Hirdata                          irdata       000000
__Hmediumconst                     mediumconst  000000
__HnvFARRAM                        nvFARRAM     000000
__Hnvbit                           nvbit        000000
__Hnvrram                          nvrram       000000
__Hparam                           rparam       000000
__Hpowerup                         powerup      000000
__Hram                             ram          000000
__Hramtop                          ramtop       000600
__Hrbit                            rbit         000000
__Hrbss                            rbss         000000
__Hrdata                           rdata        000000
__Hreset_vec                       reset_vec    000004
__Hrparam                          rparam       000000
__Hsfr                             sfr          000000
__Hsivt_hi                         sivt_hi      000000
__Hsivt_lo                         sivt_lo      000018
__Hsmallconst                      smallconst   000602
__Hspace_0                         (abs)        001257
__Hspace_1                         (abs)        000052
__Hspace_2                         (abs)        000000
__Hspace_4                         (abs)        60000E
__Hstack                           stack        000000
__Hstruct                          struct       000000
__Htemp                            temp         000000
__Htext                            text         000000
__Htext0                           text0        000000
__Htext1                           text1        000000
__Htext10                          text10       000000
__Htext11                          text11       000000
__Htext12                          text12       000000
__Htext13                          text13       000000
__Htext14                          text14       000000
__Htext15                          text15       000000
__Htext16                          text16       000000
__Htext17                          text17       000000
__Htext2                           text2        000000
__Htext3                           text3        000000
__Htext4                           text4        000000
__Htext5                           text5        000000
__Htext6                           text6        000000
__Htext7                           text7        000000
__Htext8                           text8        000000
__Htext9                           text9        000000
__LRAM                             (abs)        000001
__L__absolute__                    __absolute__ 000000
__Labs1                            abs1         000000
__Lbank0                           bank0        000000
__Lbank1                           bank1        000000
__Lbank2                           bank2        000000
__Lbank3                           bank3        000000
__Lbank4                           bank4        000000
__Lbank5                           bank5        000000
__Lbigbss                          bigbss       000000
__Lbigdata                         bigdata      000000
__Lbigram                          bigram       000000
__Lbigsfr                          bigsfr       000000
__Lbss                             bss          000000
__LbssCOMRAM                       bssCOMRAM    000000
__Lcinit                           cinit        000000
__Lclrtext                         clrtext      000000
__Lcomram                          comram       000000
__Lconfig                          config       000000
__Lconst                           const        000000
__LcstackCOMRAM                    cstackCOMRAM 000000
__Ldata                            data         000000
__LdataCOMRAM                      dataCOMRAM   000000
__Leeprom_data                     eeprom_data  000000
__Lfarbss                          farbss       000000
__Lfardata                         fardata      000000
__Lheap                            heap         000000
__Libigdata                        ibigdata     000000
__Lidata                           idata        000000
__LidataCOMRAM                     idataCOMRAM  000000
__Lidloc                           idloc        000000
__Lifardata                        ifardata     000000
__Linit                            init         00000E
__Lintcode                         intcode      000008
__Lintcode_body                    intcode_body 000000
__Lintcodelo                       intcodelo    000018
__Lintentry                        intentry     000000
__Lintret                          intret       000000
__Lintsave_regs                    intsave_regs 000000
__Lirdata                          irdata       000000
__Lmediumconst                     mediumconst  000000
__LnvFARRAM                        nvFARRAM     000000
__Lnvbit                           nvbit        000000
__Lnvrram                          nvrram       000000
__Lparam                           rparam       000000
__Lpowerup                         powerup      000000
__Lram                             ram          000000
__Lramtop                          ramtop       000600
__Lrbit                            rbit         000000
__Lrbss                            rbss         000000
__Lrdata                           rdata        000000
__Lreset_vec                       reset_vec    000000
__Lrparam                          rparam       000000
__Lsfr                             sfr          000000
__Lsivt_hi                         sivt_hi      000000
__Lsivt_lo                         sivt_lo      000018
__Lsmallconst                      smallconst   000600
__Lspace_0                         (abs)        000000
__Lspace_1                         (abs)        000000
__Lspace_2                         (abs)        000000
__Lspace_4                         (abs)        000000
__Lstack                           stack        000000
__Lstruct                          struct       000000
__Ltemp                            temp         000000
__Ltext                            text         000000
__Ltext0                           text0        000000
__Ltext1                           text1        000000
__Ltext10                          text10       000000
__Ltext11                          text11       000000
__Ltext12                          text12       000000
__Ltext13                          text13       000000
__Ltext14                          text14       000000
__Ltext15                          text15       000000
__Ltext16                          text16       000000
__Ltext17                          text17       000000
__Ltext2                           text2        000000
__Ltext3                           text3        000000
__Ltext4                           text4        000000
__Ltext5                           text5        000000
__Ltext6                           text6        000000
__Ltext7                           text7        000000
__Ltext8                           text8        000000
__Ltext9                           text9        000000
__S0                               (abs)        001257
__S1                               (abs)        000052
__S4                               (abs)        000000
__S5                               (abs)        000000
___fldiv                           text13       000602
___fldiv@a                         cstackCOMRAM 00001B
___fldiv@aexp                      cstackCOMRAM 00002F
___fldiv@b                         cstackCOMRAM 000017
___fldiv@bexp                      cstackCOMRAM 00002E
___fldiv@grs                       cstackCOMRAM 00002A
___fldiv@new_exp                   cstackCOMRAM 000028
___fldiv@rem                       cstackCOMRAM 000023
___fldiv@sign                      cstackCOMRAM 000027
___fltol                           text12       000B44
___fltol@exp1                      cstackCOMRAM 000039
___fltol@f1                        cstackCOMRAM 000030
___fltol@sign1                     cstackCOMRAM 000038
___heap_hi                         (abs)        000000
___heap_lo                         (abs)        000000
___inthi_sp                        stack        000000
___inthi_stack_hi                  stack        000000
___inthi_stack_lo                  stack        000000
___intlo_sp                        stack        000000
___intlo_stack_hi                  stack        000000
___intlo_stack_lo                  stack        000000
___lwdiv                           text11       000F38
___lwdiv@counter                   cstackCOMRAM 000008
___lwdiv@dividend                  cstackCOMRAM 000002
___lwdiv@divisor                   cstackCOMRAM 000004
___lwdiv@quotient                  cstackCOMRAM 000006
___lwmod                           text3        001084
___lwmod@counter                   cstackCOMRAM 000006
___lwmod@dividend                  cstackCOMRAM 000002
___lwmod@divisor                   cstackCOMRAM 000004
___param_bank                      (abs)        000000
___rparam_used                     (abs)        000001
___sp                              stack        000000
___stack_hi                        stack        000000
___stack_lo                        stack        000000
___xxtofl                          text10       000990
___xxtofl@arg                      cstackCOMRAM 000013
___xxtofl@exp                      cstackCOMRAM 000012
___xxtofl@sign                     cstackCOMRAM 000011
___xxtofl@val                      cstackCOMRAM 000009
__accesstop                        (abs)        000060
__activetblptr                     (abs)        000000
__end_of___fldiv                   text13       000990
__end_of___fltol                   text12       000C4A
__end_of___lwdiv                   text11       000FAA
__end_of___lwmod                   text3        0010E8
__end_of___xxtofl                  text10       000B44
__end_of__initialization           cinit        00121A
__end_of_can_transmit              text16       001018
__end_of_get_gear_pos              text14       000DBA
__end_of_get_speed                 text8        000E4A
__end_of_init_adc                  text7        001240
__end_of_init_can                  text6        0011FC
__end_of_init_config               text4        00124E
__end_of_init_digital_keypad       text5        001256
__end_of_isr                       intcode_body 001142
__end_of_main                      text0        000EC4
__end_of_my_itoa                   text1        000D06
__end_of_read_adc                  text9        001188
__end_of_read_digital_keypad       text15       000F38
__end_of_reverse                   text2        001084
__end_of_set_msg_id_std            text17       0011C4
__initialization                   cinit        0011FC
__mediumconst                      smallconst   000600
__pbssCOMRAM                       bssCOMRAM    000046
__pcinit                           cinit        0011FC
__pcstackCOMRAM                    cstackCOMRAM 000002
__pdataCOMRAM                      dataCOMRAM   000051
__pidataCOMRAM                     idataCOMRAM  001256
__pintcode                         intcode      000008
__pintcode_body                    intcode_body 0010E8
__psmallconst                      smallconst   000600
__ptext0                           text0        000E4A
__ptext1                           text1        000C4A
__ptext10                          text10       000990
__ptext11                          text11       000F38
__ptext12                          text12       000B44
__ptext13                          text13       000602
__ptext14                          text14       000D06
__ptext15                          text15       000EC4
__ptext16                          text16       000FAA
__ptext17                          text17       001188
__ptext2                           text2        001018
__ptext3                           text3        001084
__ptext4                           text4        001240
__ptext5                           text5        00124E
__ptext6                           text6        0011C4
__ptext7                           text7        001224
__ptext8                           text8        000DBA
__ptext9                           text9        001142
__ramtop                           ramtop       000600
__smallconst                       smallconst   000600
_can_transmit                      text16       000FAA
_get_gear_pos                      text14       000D06
_get_speed                         text8        000DBA
_init_adc                          text7        001224
_init_can                          text6        0011C4
_init_config                       text4        001240
_init_digital_keypad               text5        00124E
_isr                               intcode      000008
_main                              text0        000E4A
_my_itoa                           text1        000C4A
_read_adc                          text9        001142
_read_digital_keypad               text15       000EC4
_reverse                           text2        001018
_set_msg_id_std                    text17       001188
_timer_count                       bssCOMRAM    00004B
btemp                              (abs)        000001
btemp0                             (abs)        000001
btemp1                             (abs)        000002
can_transmit@data                  cstackCOMRAM 000008
can_transmit@i                     cstackCOMRAM 00000F
can_transmit@len                   cstackCOMRAM 000009
can_transmit@msg_id                cstackCOMRAM 000006
can_transmit@ptr                   cstackCOMRAM 00000D
end_of_initialization              cinit        00121A
get_gear_pos@index                 bssCOMRAM    000050
get_gear_pos@key                   bssCOMRAM    00004F
get_speed@index                    cstackCOMRAM 00003A
get_speed@speed                    cstackCOMRAM 00003C
int$flags                          (abs)        000001
int_func                           intcode_body 0010E8
intlevel0                          text         000000
intlevel1                          text         000000
intlevel2                          text         000000
intlevel3                          text         000000
isa$std                            (abs)        000001
isa$xinst                          (abs)        000000
main@data                          cstackCOMRAM 00003E
main@gear_pos                      cstackCOMRAM 000045
main@speed                         cstackCOMRAM 000043
my_itoa@base                       cstackCOMRAM 00000E
my_itoa@i                          cstackCOMRAM 000012
my_itoa@num                        cstackCOMRAM 00000B
my_itoa@rem                        cstackCOMRAM 000010
my_itoa@str                        cstackCOMRAM 00000D
read_adc@channel                   cstackCOMRAM 000008
read_adc@reg_val                   cstackCOMRAM 000006
read_digital_keypad@detection_type cstackCOMRAM 000002
read_digital_keypad@once           dataCOMRAM   000051
reverse@end                        cstackCOMRAM 000009
reverse@length                     cstackCOMRAM 000003
reverse@start                      cstackCOMRAM 000007
reverse@str                        cstackCOMRAM 000002
reverse@temp                       cstackCOMRAM 000006
set_msg_id_std@id                  cstackCOMRAM 000002
stackhi                            (abs)        000000
stacklo                            (abs)        000000
start                              init         00000E
start_initialization               cinit        0011FC


MODULE INFORMATION

Module		Function		Class		Link	Load	Size
sensor.c
		_get_speed     		CODE           	0DBA	0000	144
		_get_gear_pos  		CODE           	0D06	0000	180

sensor.c estimated size: 324

C:\Program Files\Microchip\xc8\v3.10\pic\sources\c99\common\lwmod.c
		___lwmod       		CODE           	1084	0000	100

C:\Program Files\Microchip\xc8\v3.10\pic\sources\c99\common\lwmod.c estimated size: 100

C:\Program Files\Microchip\xc8\v3.10\pic\sources\c99\common\lwdiv.c
		___lwdiv       		CODE           	0F38	0000	114

C:\Program Files\Microchip\xc8\v3.10\pic\sources\c99\common\lwdiv.c estimated size: 114

adc.c
		_init_adc      		CODE           	1224	0000	28
		_read_adc      		CODE           	1142	0000	70

adc.c estimated size: 98

C:\Program Files\Microchip\xc8\v3.10\pic\sources\c99\common\fltol.c
		___fltol       		CODE           	0B44	0000	262

C:\Program Files\Microchip\xc8\v3.10\pic\sources\c99\common\fltol.c estimated size: 262

C:\Program Files\Microchip\xc8\v3.10\pic\sources\c99\common\xxtofl.c
		___xxtofl      		CODE           	0990	0000	436

C:\Program Files\Microchip\xc8\v3.10\pic\sources\c99\common\xxtofl.c estimated size: 436

C:\Program Files\Microchip\xc8\v3.10\pic\sources\c99\common\sprcdiv.c
		___fldiv       		CODE           	0602	0000	910

C:\Program Files\Microchip\xc8\v3.10\pic\sources\c99\common\sprcdiv.c estimated size: 910

isr.c
		_isr           		CODE           	0008	0000	96

isr.c estimated size: 96

shared
		__initialization		CODE           	11FC	0000	30

shared estimated size: 30

can.c
		_set_msg_id_std		CODE           	1188	0000	60
		_can_transmit  		CODE           	0FAA	0000	110
		_init_can      		CODE           	11C4	0000	56

can.c estimated size: 226

main.c
		_main          		CODE           	0E4A	0000	122
		_my_itoa       		CODE           	0C4A	0000	188
		_init_config   		CODE           	1240	0000	14
		_reverse       		CODE           	1018	0000	108

main.c estimated size: 432

dkp.c
		_init_digital_keypad		CODE           	124E	0000	8
		_read_digital_keypad		CODE           	0EC4	0000	116

dkp.c estimated size: 124

