Microchip MPLAB XC8 Compiler V3.10

Linker command line:

-W-3 \
  --edf=C:\Program Files\Microchip\xc8\v3.10\pic\dat\20250813170317_en.msgs \
  -cn -h+dist/default/production\Project1_ECU3.X.production.sym \
  --cmf=dist/default/production\Project1_ECU3.X.production.cmf -z -Q18F4580 \
  -oC:\Users\HP\AppData\Local\Temp\xcAsbj0.0\driver_tmp_3.o \
  --defsym=__MPLAB_BUILD=1 --fixupoverflow=error \
  -Mdist/default/production/Project1_ECU3.X.production.map \
  --md=C:\Users\HP\AppData\Local\Temp\xcAsbj0.0\driver_tmp_0.dat -E1 \
  -ver=XC8 Compiler -ACODE=00h-07FFFh -ACONST=00h-07FFFh \
  -ASMALLCONST=0600h-06FFhx122 -AMEDIUMCONST=0600h-07FFFh -ACOMRAM=01h-05Fh \
  -AABS1=00h-05FFh -ABIGRAM=01h-05FFh -ARAM=060h-0FFh,0100h-01FFhx5 \
  -ABANK0=060h-0FFh -ABANK1=0100h-01FFh -ABANK2=0200h-02FFh \
  -ABANK3=0300h-03FFh -ABANK4=0400h-04FFh -ABANK5=0500h-05FFh \
  -ASFR=0D00h-0DFFhx2,0F00h-0F5Fh,0F60h-0FFFh -ABIGSFR=0D00h-0FFFh \
  -ACONFIG=0300000h-030000Dh -AIDLOC=0200000h-0200007h \
  -AEEDATA=0F00000h-0F000FFh -peeprom_data=EEDATA \
  -preset_vec=00h,intcode=8h,intcodelo=18h,sivt_lo,sivt_hi=CODE \
  -ppowerup=CODE,init -pramtop=0600h -psmallconst=SMALLCONST \
  -pmediumconst=MEDIUMCONST -pconst=CONST -AFARRAM=00h-00h \
  -prdata=COMRAM,nvrram=COMRAM,nvbit=COMRAM,rbss=COMRAM,rbit=COMRAM \
  -pfarbss=FARRAM,fardata=FARRAM,nvFARRAM=FARRAM \
  -pintsave_regs=BIGRAM,bigbss=BIGRAM,bigdata=BIGRAM -pbss=RAM \
  -pidata=CODE,irdata=CODE,ibigdata=CODE,ifardata=CODE -prparam=COMRAM \
  C:\Users\HP\AppData\Local\Temp\xcAsbj0.0\driver_tmp_9.o \
  dist/default/production\Project1_ECU3.X.production.o 

Object code version is 3.11

Machine type is 18F4580



                Name                               Link     Load   Length Selector   Space Scale
C:\Users\HP\AppData\Local\Temp\xcAsbj0.0\driver_tmp_9.o
                idloc                            200000   200000        8        0       5
                config                           300000   300000        E        0       4
                init                                  E        E        4        4       0
                reset_vec                             0        0        4        0       0
dist/default/production\Project1_ECU3.X.production.o
                intcode                               8        8        6        4       0
                idloc                            200000   200000        8        0       5
                config                           300000   300000        E        0       4
                smallconst                          600      600       2C      300       0
                intcode_body                        A26      A26       5A      316       0
                text17                              AD2      AD2       3C      316       0
                text16                              B82      B82       3A      316       0
                text15                              884      884       A6      316       0
                text14                              CA6      CA6        8      61A       0
                text13                              C76      C76       14      61A       0
                text12                              C4C      C4C       16      61A       0
                text11                              B48      B48       3A      316       0
                text10                              92A      92A       90      316       0
                text9                               C9A      C9A        C      61A       0
                text8                               9BA      9BA       6C      316       0
                text7                               A80      A80       52      316       0
                text6                               BBC      BBC       36      316       0
                text5                               C34      C34       18      61A       0
                text4                               75A      75A      12A      316       0
                text3                               C8A      C8A       10      61A       0
                text2                               BF2      BF2       26      316       0
                text1                               62C      62C      12E      316       0
                text0                               C62      C62       14      61A       0
                cstackCOMRAM                         1D       1D       1A        2       1
                dataCOMRAM                            2        2       1B        2       1
                bssCOMRAM                            37       37        6        2       1
                cinit                               B0E      B0E       3A      316       0
                idataCOMRAM                         C18      C18       1B      316       0

TOTAL           Name                               Link     Load   Length     Space
        CLASS   CODE           
                intcode                               8        8        6         0
                init                                  E        E        4         0
                reset_vec                             0        0        4         0
                intcode_body                        A26      A26       5A         0
                text17                              AD2      AD2       3C         0
                text16                              B82      B82       3A         0
                text15                              884      884       A6         0
                text14                              CA6      CA6        8         0
                text13                              C76      C76       14         0
                text12                              C4C      C4C       16         0
                text11                              B48      B48       3A         0
                text10                              92A      92A       90         0
                text9                               C9A      C9A        C         0
                text8                               9BA      9BA       6C         0
                text7                               A80      A80       52         0
                text6                               BBC      BBC       36         0
                text5                               C34      C34       18         0
                text4                               75A      75A      12A         0
                text3                               C8A      C8A       10         0
                text2                               BF2      BF2       26         0
                text1                               62C      62C      12E         0
                text0                               C62      C62       14         0
                cinit                               B0E      B0E       3A         0
                idataCOMRAM                         C18      C18       1B         0

        CLASS   CONST          

        CLASS   SMALLCONST     
                smallconst                          600      600       2C         0

        CLASS   MEDIUMCONST    

        CLASS   COMRAM         
                cstackCOMRAM                         1D       1D       1A         1
                dataCOMRAM                            2        2       1B         1
                bssCOMRAM                            37       37        6         1

        CLASS   ABS1           
                abs_s1                                1        1        1         1

        CLASS   BIGRAM         

        CLASS   RAM            

        CLASS   BANK0          

        CLASS   BANK1          

        CLASS   BANK2          

        CLASS   BANK3          

        CLASS   BANK4          

        CLASS   BANK5          

        CLASS   SFR            

        CLASS   BIGSFR         

        CLASS   CONFIG         
                config                           300000   300000        E         4

        CLASS   IDLOC          
                idloc                            200000   200000        8         5

        CLASS   EEDATA         

        CLASS   FARRAM         

        CLASS   HEAP           

        CLASS   STACK          



SEGMENTS        Name                           Load    Length   Top    Selector   Space  Class

                reset_vec                      000000  000004  000004         0       0  CODE    
                dataCOMRAM                     000002  00003B  00003D         2       1  COMRAM  
                intcode                        000008  00000A  000012         4       0  CODE    
                smallconst                     000600  00002C  00062C       300       0  SMALLCON
                text1                          00062C  000607  000C33       316       0  CODE    
                text5                          000C34  00007A  000CAE       61A       0  CODE    


UNUSED ADDRESS RANGES

        Name                Unused          Largest block    Delta
        BANK0            000060-0000FF               A0
        BANK1            000100-0001FF              100
        BANK2            000200-0002FF              100
        BANK3            000300-0003FF              100
        BANK4            000400-0004FF              100
        BANK5            000500-0005FF              100
        BIGRAM           00003D-0005FF              5C3
        BIGSFR           000D00-000FFF              300
        CODE             000004-000007                4
                         000012-0005FF              5EE
                         000C33-000C33                1
                         000CAE-007FFF             7352
        COMRAM           00003D-00005F               23
        CONST            000004-000007                4
                         000012-0005FF              5EE
                         000C33-000C33                1
                         000CAE-007FFF             7352
        EEDATA           F00000-F000FF              100
        MEDIUMCONST      000C33-000C33                1
                         000CAE-007FFF             7352
        RAM              000060-0005FF              100
        SFR              000D00-000FFF              100
        SMALLCONST       000C33-000C33                1
                         000CAE-007FFF              100

                                  Symbol Table

?_get_msg_id_std                cstackCOMRAM 00001D
_BRGCON1                        (abs)        000F70
_BRGCON2                        (abs)        000F71
_BRGCON3                        (abs)        000F72
_CANCON                         (abs)        000F6F
_CANSTAT                        (abs)        000F6E
_ECANCON                        (abs)        000F77
_GIE                            (abs)        007F97
_PEIE                           (abs)        007F96
_PORTB                          (abs)        000F81
_PORTD                          (abs)        000F83
_PSA                            (abs)        007EAB
_RC0                            (abs)        007C10
_RC1                            (abs)        007C11
_RC2                            (abs)        007C12
_RD7                            (abs)        007C1F
_RXB0CON                        (abs)        000F60
_RXB0CONbits                    (abs)        000F60
_RXB0D0                         (abs)        000F66
_RXB0DLC                        (abs)        000F65
_RXB0FUL                        (abs)        007B07
_RXB0IF                         (abs)        007D20
_RXB0SIDH                       (abs)        000F61
_RXB0SIDL                       (abs)        000F62
_RXFCON0                        (abs)        000DD4
_T08BIT                         (abs)        007EAE
_T0CS                           (abs)        007EAD
_TMR0                           (abs)        000FD6
_TMR0IE                         (abs)        007F95
_TMR0IF                         (abs)        007F92
_TMR0ON                         (abs)        007EAF
_TRISB                          (abs)        000F93
_TRISB2                         (abs)        007C9A
_TRISB3                         (abs)        007C9B
_TRISC                          (abs)        000F94
_TRISD                          (abs)        000F95
_TRISD7                         (abs)        007CAF
_TXB0D0                         (abs)        000F46
_TXB0DLC                        (abs)        000F45
_TXB0EIDH                       (abs)        000F43
_TXB0EIDL                       (abs)        000F44
_TXB0REQ                        (abs)        007A03
_TXB0SIDH                       (abs)        000F41
_TXB0SIDL                       (abs)        000F42
__HRAM                          (abs)        000000
__H__absolute__                 __absolute__ 000000
__Habs1                         abs1         000000
__Hbank0                        bank0        000000
__Hbank1                        bank1        000000
__Hbank2                        bank2        000000
__Hbank3                        bank3        000000
__Hbank4                        bank4        000000
__Hbank5                        bank5        000000
__Hbigbss                       bigbss       000000
__Hbigdata                      bigdata      000000
__Hbigram                       bigram       000000
__Hbigsfr                       bigsfr       000000
__Hbss                          bss          000000
__HbssCOMRAM                    bssCOMRAM    000000
__Hcinit                        cinit        000000
__Hclrtext                      clrtext      000000
__Hcomram                       comram       000000
__Hconfig                       config       30000E
__Hconst                        const        000000
__HcstackCOMRAM                 cstackCOMRAM 000000
__Hdata                         data         000000
__HdataCOMRAM                   dataCOMRAM   000000
__Heeprom_data                  eeprom_data  000000
__Hfarbss                       farbss       000000
__Hfardata                      fardata      000000
__Hheap                         heap         000000
__Hibigdata                     ibigdata     000000
__Hidata                        idata        000000
__HidataCOMRAM                  idataCOMRAM  000000
__Hidloc                        idloc        200008
__Hifardata                     ifardata     000000
__Hinit                         init         000012
__Hintcode                      intcode      00000E
__Hintcode_body                 intcode_body 000000
__Hintcodelo                    intcodelo    000018
__Hintentry                     intentry     000000
__Hintret                       intret       000000
__Hintsave_regs                 intsave_regs 000000
__Hirdata                       irdata       000000
__Hmediumconst                  mediumconst  000000
__HnvFARRAM                     nvFARRAM     000000
__Hnvbit                        nvbit        000000
__Hnvrram                       nvrram       000000
__Hparam                        rparam       000000
__Hpowerup                      powerup      000000
__Hram                          ram          000000
__Hramtop                       ramtop       000600
__Hrbit                         rbit         000000
__Hrbss                         rbss         000000
__Hrdata                        rdata        000000
__Hreset_vec                    reset_vec    000004
__Hrparam                       rparam       000000
__Hsfr                          sfr          000000
__Hsivt_hi                      sivt_hi      000000
__Hsivt_lo                      sivt_lo      000018
__Hsmallconst                   smallconst   00062C
__Hspace_0                      (abs)        000CAE
__Hspace_1                      (abs)        00003D
__Hspace_2                      (abs)        000000
__Hspace_4                      (abs)        60000E
__Hstack                        stack        000000
__Hstruct                       struct       000000
__Htemp                         temp         000000
__Htext                         text         000000
__Htext0                        text0        000000
__Htext1                        text1        000000
__Htext10                       text10       000000
__Htext11                       text11       000000
__Htext12                       text12       000000
__Htext13                       text13       000000
__Htext14                       text14       000000
__Htext15                       text15       000000
__Htext16                       text16       000000
__Htext17                       text17       000000
__Htext2                        text2        000000
__Htext3                        text3        000000
__Htext4                        text4        000000
__Htext5                        text5        000000
__Htext6                        text6        000000
__Htext7                        text7        000000
__Htext8                        text8        000000
__Htext9                        text9        000000
__LRAM                          (abs)        000001
__L__absolute__                 __absolute__ 000000
__Labs1                         abs1         000000
__Lbank0                        bank0        000000
__Lbank1                        bank1        000000
__Lbank2                        bank2        000000
__Lbank3                        bank3        000000
__Lbank4                        bank4        000000
__Lbank5                        bank5        000000
__Lbigbss                       bigbss       000000
__Lbigdata                      bigdata      000000
__Lbigram                       bigram       000000
__Lbigsfr                       bigsfr       000000
__Lbss                          bss          000000
__LbssCOMRAM                    bssCOMRAM    000000
__Lcinit                        cinit        000000
__Lclrtext                      clrtext      000000
__Lcomram                       comram       000000
__Lconfig                       config       000000
__Lconst                        const        000000
__LcstackCOMRAM                 cstackCOMRAM 000000
__Ldata                         data         000000
__LdataCOMRAM                   dataCOMRAM   000000
__Leeprom_data                  eeprom_data  000000
__Lfarbss                       farbss       000000
__Lfardata                      fardata      000000
__Lheap                         heap         000000
__Libigdata                     ibigdata     000000
__Lidata                        idata        000000
__LidataCOMRAM                  idataCOMRAM  000000
__Lidloc                        idloc        000000
__Lifardata                     ifardata     000000
__Linit                         init         00000E
__Lintcode                      intcode      000008
__Lintcode_body                 intcode_body 000000
__Lintcodelo                    intcodelo    000018
__Lintentry                     intentry     000000
__Lintret                       intret       000000
__Lintsave_regs                 intsave_regs 000000
__Lirdata                       irdata       000000
__Lmediumconst                  mediumconst  000000
__LnvFARRAM                     nvFARRAM     000000
__Lnvbit                        nvbit        000000
__Lnvrram                       nvrram       000000
__Lparam                        rparam       000000
__Lpowerup                      powerup      000000
__Lram                          ram          000000
__Lramtop                       ramtop       000600
__Lrbit                         rbit         000000
__Lrbss                         rbss         000000
__Lrdata                        rdata        000000
__Lreset_vec                    reset_vec    000000
__Lrparam                       rparam       000000
__Lsfr                          sfr          000000
__Lsivt_hi                      sivt_hi      000000
__Lsivt_lo                      sivt_lo      000018
__Lsmallconst                   smallconst   000600
__Lspace_0                      (abs)        000000
__Lspace_1                      (abs)        000000
__Lspace_2                      (abs)        000000
__Lspace_4                      (abs)        000000
__Lstack                        stack        000000
__Lstruct                       struct       000000
__Ltemp                         temp         000000
__Ltext                         text         000000
__Ltext0                        text0        000000
__Ltext1                        text1        000000
__Ltext10                       text10       000000
__Ltext11                       text11       000000
__Ltext12                       text12       000000
__Ltext13                       text13       000000
__Ltext14                       text14       000000
__Ltext15                       text15       000000
__Ltext16                       text16       000000
__Ltext17                       text17       000000
__Ltext2                        text2        000000
__Ltext3                        text3        000000
__Ltext4                        text4        000000
__Ltext5                        text5        000000
__Ltext6                        text6        000000
__Ltext7                        text7        000000
__Ltext8                        text8        000000
__Ltext9                        text9        000000
__S0                            (abs)        000CAE
__S1                            (abs)        00003D
__S4                            (abs)        000000
__S5                            (abs)        000000
___heap_hi                      (abs)        000000
___heap_lo                      (abs)        000000
___inthi_sp                     stack        000000
___inthi_stack_hi               stack        000000
___inthi_stack_lo               stack        000000
___intlo_sp                     stack        000000
___intlo_stack_hi               stack        000000
___intlo_stack_lo               stack        000000
___param_bank                   (abs)        000000
___rparam_used                  (abs)        000001
___sp                           stack        000000
___stack_hi                     stack        000000
___stack_lo                     stack        000000
__accesstop                     (abs)        000060
__activetblptr                  (abs)        000002
__end_of__initialization        cinit        000B3A
__end_of_can_receive            text10       0009BA
__end_of_clcd_clear             text9        000CA6
__end_of_clcd_print             text8        000A26
__end_of_clcd_putch             text5        000C4C
__end_of_clcd_write             text16       000BBC
__end_of_display_labels         text7        000AD2
__end_of_get_msg_id_std         text11       000B82
__end_of_handle_gear_data       text6        000BF2
__end_of_handle_indicator_data  text4        000884
__end_of_handle_rpm_data        text3        000C9A
__end_of_handle_speed_data      text2        000C18
__end_of_init_can               text17       000B0E
__end_of_init_clcd              text15       00092A
__end_of_init_config            text12       000C62
__end_of_init_leds              text14       000CAE
__end_of_init_timer0            text13       000C8A
__end_of_isr                    intcode_body 000A80
__end_of_main                   text0        000C76
__end_of_process_canbus_data    text1        00075A
__initialization                cinit        000B0E
__mediumconst                   smallconst   000600
__pbssCOMRAM                    bssCOMRAM    000037
__pcinit                        cinit        000B0E
__pcstackCOMRAM                 cstackCOMRAM 00001D
__pdataCOMRAM                   dataCOMRAM   000002
__pidataCOMRAM                  idataCOMRAM  000C18
__pintcode                      intcode      000008
__pintcode_body                 intcode_body 000A26
__psmallconst                   smallconst   000600
__ptext0                        text0        000C62
__ptext1                        text1        00062C
__ptext10                       text10       00092A
__ptext11                       text11       000B48
__ptext12                       text12       000C4C
__ptext13                       text13       000C76
__ptext14                       text14       000CA6
__ptext15                       text15       000884
__ptext16                       text16       000B82
__ptext17                       text17       000AD2
__ptext2                        text2        000BF2
__ptext3                        text3        000C8A
__ptext4                        text4        00075A
__ptext5                        text5        000C34
__ptext6                        text6        000BBC
__ptext7                        text7        000A80
__ptext8                        text8        0009BA
__ptext9                        text9        000C9A
__ramtop                        ramtop       000600
__smallconst                    smallconst   000600
_can_receive                    text10       00092A
_clcd_clear                     text9        000C9A
_clcd_print                     text8        0009BA
_clcd_putch                     text5        000C34
_clcd_write                     text16       000B82
_display_labels                 text7        000A80
_event                          dataCOMRAM   000002
_get_msg_id_std                 text11       000B48
_handle_gear_data               text6        000BBC
_handle_indicator_data          text4        00075A
_handle_rpm_data                text3        000C8A
_handle_speed_data              text2        000BF2
_init_can                       text17       000AD2
_init_clcd                      text15       000884
_init_config                    text12       000C4C
_init_leds                      text14       000CA6
_init_timer0                    text13       000C76
_isr                            intcode      000008
_main                           text0        000C62
_process_canbus_data            text1        00062C
_timer_count                    bssCOMRAM    000037
btemp                           (abs)        000001
btemp0                          (abs)        000001
btemp1                          (abs)        000002
can_receive@data                cstackCOMRAM 000026
can_receive@i                   cstackCOMRAM 00002D
can_receive@len                 cstackCOMRAM 000027
can_receive@msg_id              cstackCOMRAM 000025
can_receive@ptr                 cstackCOMRAM 00002B
clcd_print@addr                 cstackCOMRAM 000021
clcd_print@data                 cstackCOMRAM 00001F
clcd_putch@addr                 cstackCOMRAM 00001F
clcd_putch@data                 cstackCOMRAM 000020
clcd_write@byte                 cstackCOMRAM 00001E
clcd_write@control_bit          cstackCOMRAM 00001D
end_of_initialization           cinit        000B3A
get_msg_id_std@id               cstackCOMRAM 000023
handle_gear_data@data           cstackCOMRAM 000022
handle_gear_data@len            cstackCOMRAM 000023
handle_indicator_data@data      cstackCOMRAM 000021
handle_indicator_data@indicator cstackCOMRAM 000024
handle_indicator_data@len       cstackCOMRAM 000022
handle_rpm_data@data            cstackCOMRAM 000022
handle_rpm_data@len             cstackCOMRAM 000023
handle_speed_data@data          cstackCOMRAM 000021
handle_speed_data@len           cstackCOMRAM 000022
int$flags                       (abs)        000001
int_func                        intcode_body 000A26
intlevel0                       text         000000
intlevel1                       text         000000
intlevel2                       text         000000
intlevel3                       text         000000
isa$std                         (abs)        000001
isa$xinst                       (abs)        000000
process_canbus_data@c_flag      bssCOMRAM    00003B
process_canbus_data@data        cstackCOMRAM 00002F
process_canbus_data@len         cstackCOMRAM 000036
process_canbus_data@msg_id      cstackCOMRAM 000034
stackhi                         (abs)        000000
stacklo                         (abs)        000000
start                           init         00000E
start_initialization            cinit        000B0E


MODULE INFORMATION

Module		Function		Class		Link	Load	Size
message_handler.c
		_handle_gear_data		CODE           	0BBC	0000	54
		_display_labels		CODE           	0A80	0000	82
		_handle_speed_data		CODE           	0BF2	0000	38
		_handle_indicator_data		CODE           	075A	0000	298
		_handle_rpm_data		CODE           	0C8A	0000	16
		_process_canbus_data		CODE           	062C	0000	302

message_handler.c estimated size: 790

timer0.c
		_init_timer0   		CODE           	0C76	0000	20

timer0.c estimated size: 20

isr.c
		_isr           		CODE           	0008	0000	96

isr.c estimated size: 96

shared
		__initialization		CODE           	0B0E	0000	44

shared estimated size: 44

clcd.c
		_clcd_clear    		CODE           	0C9A	0000	12
		_clcd_write    		CODE           	0B82	0000	58
		_clcd_print    		CODE           	09BA	0000	108
		_clcd_putch    		CODE           	0C34	0000	24
		_init_clcd     		CODE           	0884	0000	166

clcd.c estimated size: 368

can.c
		_init_can      		CODE           	0AD2	0000	60
		_can_receive   		CODE           	092A	0000	144
		_get_msg_id_std		CODE           	0B48	0000	58

can.c estimated size: 262

main.c
		_init_leds     		CODE           	0CA6	0000	8
		_main          		CODE           	0C62	0000	20
		_init_config   		CODE           	0C4C	0000	22

main.c estimated size: 50

