Microchip MPLAB XC8 Compiler V3.10

Linker command line:

-W-3 \
  --edf=C:\Program Files\Microchip\xc8\v3.10\pic\dat\20250813170317_en.msgs \
  -cn -h+dist/default/production\Project1_ECU2.X.production.sym \
  --cmf=dist/default/production\Project1_ECU2.X.production.cmf -z -Q18F4580 \
  -oC:\Users\HP\AppData\Local\Temp\xcBs9ys.1\driver_tmp_3.o \
  --defsym=__MPLAB_BUILD=1 --fixupoverflow=error \
  -Mdist/default/production/Project1_ECU2.X.production.map \
  --md=C:\Users\HP\AppData\Local\Temp\xcBs9ys.1\driver_tmp_0.dat -E1 \
  -ver=XC8 Compiler -ACODE=00h-03000h -ACONST=00h-03000h \
  -ASMALLCONST=0600h-06FFhx42,03000h-03000h -AMEDIUMCONST=0600h-03000h \
  -ACOMRAM=01h-05Fh -AABS1=00h-05FFh -ABIGRAM=01h-05FFh \
  -ARAM=060h-0FFh,0100h-01FFhx5 -ABANK0=060h-0FFh -ABANK1=0100h-01FFh \
  -ABANK2=0200h-02FFh -ABANK3=0300h-03FFh -ABANK4=0400h-04FFh \
  -ABANK5=0500h-05FFh -ASFR=0D00h-0DFFhx2,0F00h-0F5Fh,0F60h-0FFFh \
  -ABIGSFR=0D00h-0FFFh -ACONFIG=0300000h-030000Dh -AIDLOC=0200000h-0200007h \
  -AEEDATA=0F00000h-0F000FFh -peeprom_data=EEDATA \
  -preset_vec=00h,intcode=8h,intcodelo=18h,sivt_lo,sivt_hi=CODE \
  -ppowerup=CODE,init -pramtop=0600h -psmallconst=SMALLCONST \
  -pmediumconst=MEDIUMCONST -pconst=CONST -AFARRAM=00h-00h \
  -prdata=COMRAM,nvrram=COMRAM,nvbit=COMRAM,rbss=COMRAM,rbit=COMRAM \
  -pfarbss=FARRAM,fardata=FARRAM,nvFARRAM=FARRAM \
  -pintsave_regs=BIGRAM,bigbss=BIGRAM,bigdata=BIGRAM -pbss=RAM \
  -pidata=CODE,irdata=CODE,ibigdata=CODE,ifardata=CODE -prparam=COMRAM \
  C:\Users\HP\AppData\Local\Temp\xcBs9ys.1\driver_tmp_9.o \
  dist/default/production\Project1_ECU2.X.production.o 

Object code version is 3.11

Machine type is 18F4580



                Name                               Link     Load   Length Selector   Space Scale
C:\Users\HP\AppData\Local\Temp\xcBs9ys.1\driver_tmp_9.o
                idloc                            200000   200000        8        0       5
                config                           300000   300000        E        0       4
                init                               2FFC     2FFC        4     17FE       0
                reset_vec                             0        0        4        0       0
dist/default/production\Project1_ECU2.X.production.o
                idloc                            200000   200000        8        0       5
                config                           300000   300000        E        0       4
                smallconst                          600      600        2      300       0
                text17                             1178     1178       3C      301       0
                text16                              F92      F92       6E      301       0
                text15                              602      602      426      301       0
                text14                              BDC      BDC      106      301       0
                text13                              A28      A28      1B4      301       0
                text12                             1132     1132       46      301       0
                text11                             10D0     10D0       62      301       0
                text10                             1210     1210       1C      301       0
                text9                              11B4     11B4       38      301       0
                text8                              123A     123A        8      301       0
                text7                              122C     122C        E      301       0
                text6                               F20      F20       72      301       0
                text5                              106C     106C       64      301       0
                text4                              1000     1000       6C      301       0
                text3                               CE2      CE2       BC      301       0
                text2                               EAC      EAC       74      301       0
                text1                               D9E      D9E       9A      301       0
                text0                               E38      E38       74      301       0
                cstackCOMRAM                          1        1       44        1       1
                dataCOMRAM                           4E       4E        1        1       1
                bssCOMRAM                            45       45        9        1       1
                cinit                              11EC     11EC       24      301       0
                idataCOMRAM                        3000     3000        1     17FE       0

TOTAL           Name                               Link     Load   Length     Space
        CLASS   CODE           
                init                               2FFC     2FFC        4         0
                reset_vec                             0        0        4         0
                text17                             1178     1178       3C         0
                text16                              F92      F92       6E         0
                text15                              602      602      426         0
                text14                              BDC      BDC      106         0
                text13                              A28      A28      1B4         0
                text12                             1132     1132       46         0
                text11                             10D0     10D0       62         0
                text10                             1210     1210       1C         0
                text9                              11B4     11B4       38         0
                text8                              123A     123A        8         0
                text7                              122C     122C        E         0
                text6                               F20      F20       72         0
                text5                              106C     106C       64         0
                text4                              1000     1000       6C         0
                text3                               CE2      CE2       BC         0
                text2                               EAC      EAC       74         0
                text1                               D9E      D9E       9A         0
                text0                               E38      E38       74         0
                cinit                              11EC     11EC       24         0
                idataCOMRAM                        3000     3000        1         0

        CLASS   CONST          

        CLASS   SMALLCONST     
                smallconst                          600      600        2         0

        CLASS   MEDIUMCONST    

        CLASS   COMRAM         
                cstackCOMRAM                          1        1       44         1
                dataCOMRAM                           4E       4E        1         1
                bssCOMRAM                            45       45        9         1

        CLASS   ABS1           

        CLASS   BIGRAM         

        CLASS   RAM            

        CLASS   BANK0          

        CLASS   BANK1          

        CLASS   BANK2          

        CLASS   BANK3          

        CLASS   BANK4          

        CLASS   BANK5          

        CLASS   SFR            

        CLASS   BIGSFR         

        CLASS   CONFIG         
                config                           300000   300000        E         4

        CLASS   IDLOC          
                idloc                            200000   200000        8         5

        CLASS   EEDATA         

        CLASS   FARRAM         

        CLASS   HEAP           

        CLASS   STACK          



SEGMENTS        Name                           Load    Length   Top    Selector   Space  Class

                reset_vec                      000000  000004  000004         0       0  CODE    
                cstackCOMRAM                   000001  00004E  00004F         1       1  COMRAM  
                smallconst                     000600  000002  000602       300       0  SMALLCON
                text15                         000602  000C40  001242       301       0  CODE    
                init                           002FFC  000005  003001      17FE       0  CODE    


UNUSED ADDRESS RANGES

        Name                Unused          Largest block    Delta
        BANK0            000060-0000FF               A0
        BANK1            000100-0001FF              100
        BANK2            000200-0002FF              100
        BANK3            000300-0003FF              100
        BANK4            000400-0004FF              100
        BANK5            000500-0005FF              100
        BIGRAM           00004F-0005FF              5B1
        BIGSFR           000D00-000FFF              300
        CODE             000004-0005FF              5FC
                         001242-002FFB             1DBA
        COMRAM           00004F-00005F               11
        CONST            000004-0005FF              5FC
                         001242-002FFB             1DBA
        EEDATA           F00000-F000FF              100
        MEDIUMCONST      001242-002FFB             1DBA
        RAM              000060-0005FF              100
        SFR              000D00-000FFF              100
        SMALLCONST       001242-002FFB              100

                                  Symbol Table

?___flmul                          cstackCOMRAM 000016
?___fltol                          cstackCOMRAM 00002F
?___lwdiv                          cstackCOMRAM 000001
?___lwmod                          cstackCOMRAM 000001
?___xxtofl                         cstackCOMRAM 000008
?_get_rpm                          cstackCOMRAM 000039
?_read_adc                         cstackCOMRAM 000001
_ACQT0                             (abs)        007E03
_ACQT1                             (abs)        007E04
_ACQT2                             (abs)        007E05
_ADCON0                            (abs)        000FC2
_ADCS0                             (abs)        007E00
_ADCS1                             (abs)        007E01
_ADCS2                             (abs)        007E02
_ADFM                              (abs)        007E07
_ADON                              (abs)        007E10
_ADRESH                            (abs)        000FC4
_ADRESL                            (abs)        000FC3
_BRGCON1                           (abs)        000F70
_BRGCON2                           (abs)        000F71
_BRGCON3                           (abs)        000F72
_CANCON                            (abs)        000F6F
_CANSTAT                           (abs)        000F6E
_ECANCON                           (abs)        000F77
_GO                                (abs)        007E11
_GODONE                            (abs)        007E11
_PORTA                             (abs)        000F80
_PORTC                             (abs)        000F82
_PORTD                             (abs)        000F83
_RXB0CON                           (abs)        000F60
_RXB0D0                            (abs)        000F66
_RXB0DLC                           (abs)        000F65
_RXB0FUL                           (abs)        007B07
_RXB0IF                            (abs)        007D20
_RXB0SIDH                          (abs)        000F61
_RXB0SIDL                          (abs)        000F62
_RXFCON0                           (abs)        000DD4
_TRISA                             (abs)        000F92
_TRISB2                            (abs)        007C9A
_TRISB3                            (abs)        007C9B
_TRISC                             (abs)        000F94
_TRISD                             (abs)        000F95
_TXB0D0                            (abs)        000F46
_TXB0DLC                           (abs)        000F45
_TXB0EIDH                          (abs)        000F43
_TXB0EIDL                          (abs)        000F44
_TXB0REQ                           (abs)        007A03
_TXB0SIDH                          (abs)        000F41
_TXB0SIDL                          (abs)        000F42
_VCFG0                             (abs)        007E0C
_VCFG1                             (abs)        007E0D
__HRAM                             (abs)        000000
__H__absolute__                    __absolute__ 000000
__Habs1                            abs1         000000
__Hbank0                           bank0        000000
__Hbank1                           bank1        000000
__Hbank2                           bank2        000000
__Hbank3                           bank3        000000
__Hbank4                           bank4        000000
__Hbank5                           bank5        000000
__Hbigbss                          bigbss       000000
__Hbigdata                         bigdata      000000
__Hbigram                          bigram       000000
__Hbigsfr                          bigsfr       000000
__Hbss                             bss          000000
__HbssCOMRAM                       bssCOMRAM    000000
__Hcinit                           cinit        000000
__Hclrtext                         clrtext      000000
__Hcomram                          comram       000000
__Hconfig                          config       30000E
__Hconst                           const        000000
__HcstackCOMRAM                    cstackCOMRAM 000000
__Hdata                            data         000000
__HdataCOMRAM                      dataCOMRAM   000000
__Heeprom_data                     eeprom_data  000000
__Hfarbss                          farbss       000000
__Hfardata                         fardata      000000
__Hheap                            heap         000000
__Hibigdata                        ibigdata     000000
__Hidata                           idata        000000
__HidataCOMRAM                     idataCOMRAM  000000
__Hidloc                           idloc        200008
__Hifardata                        ifardata     000000
__Hinit                            init         003000
__Hintcode                         intcode      000008
__Hintcode_body                    intcode_body 000000
__Hintcodelo                       intcodelo    000018
__Hintentry                        intentry     000000
__Hintret                          intret       000000
__Hintsave_regs                    intsave_regs 000000
__Hirdata                          irdata       000000
__Hmediumconst                     mediumconst  000000
__HnvFARRAM                        nvFARRAM     000000
__Hnvbit                           nvbit        000000
__Hnvrram                          nvrram       000000
__Hparam                           rparam       000000
__Hpowerup                         powerup      000000
__Hram                             ram          000000
__Hramtop                          ramtop       000600
__Hrbit                            rbit         000000
__Hrbss                            rbss         000000
__Hrdata                           rdata        000000
__Hreset_vec                       reset_vec    000004
__Hrparam                          rparam       000000
__Hsfr                             sfr          000000
__Hsivt_hi                         sivt_hi      000000
__Hsivt_lo                         sivt_lo      000018
__Hsmallconst                      smallconst   000602
__Hspace_0                         (abs)        003001
__Hspace_1                         (abs)        00004F
__Hspace_2                         (abs)        000000
__Hspace_4                         (abs)        60000E
__Hstack                           stack        000000
__Hstruct                          struct       000000
__Htemp                            temp         000000
__Htext                            text         000000
__Htext0                           text0        000000
__Htext1                           text1        000000
__Htext10                          text10       000000
__Htext11                          text11       000000
__Htext12                          text12       000000
__Htext13                          text13       000000
__Htext14                          text14       000000
__Htext15                          text15       000000
__Htext16                          text16       000000
__Htext17                          text17       000000
__Htext2                           text2        000000
__Htext3                           text3        000000
__Htext4                           text4        000000
__Htext5                           text5        000000
__Htext6                           text6        000000
__Htext7                           text7        000000
__Htext8                           text8        000000
__Htext9                           text9        000000
__LRAM                             (abs)        000001
__L__absolute__                    __absolute__ 000000
__Labs1                            abs1         000000
__Lbank0                           bank0        000000
__Lbank1                           bank1        000000
__Lbank2                           bank2        000000
__Lbank3                           bank3        000000
__Lbank4                           bank4        000000
__Lbank5                           bank5        000000
__Lbigbss                          bigbss       000000
__Lbigdata                         bigdata      000000
__Lbigram                          bigram       000000
__Lbigsfr                          bigsfr       000000
__Lbss                             bss          000000
__LbssCOMRAM                       bssCOMRAM    000000
__Lcinit                           cinit        000000
__Lclrtext                         clrtext      000000
__Lcomram                          comram       000000
__Lconfig                          config       000000
__Lconst                           const        000000
__LcstackCOMRAM                    cstackCOMRAM 000000
__Ldata                            data         000000
__LdataCOMRAM                      dataCOMRAM   000000
__Leeprom_data                     eeprom_data  000000
__Lfarbss                          farbss       000000
__Lfardata                         fardata      000000
__Lheap                            heap         000000
__Libigdata                        ibigdata     000000
__Lidata                           idata        000000
__LidataCOMRAM                     idataCOMRAM  000000
__Lidloc                           idloc        000000
__Lifardata                        ifardata     000000
__Linit                            init         002FFC
__Lintcode                         intcode      000008
__Lintcode_body                    intcode_body 000000
__Lintcodelo                       intcodelo    000018
__Lintentry                        intentry     000000
__Lintret                          intret       000000
__Lintsave_regs                    intsave_regs 000000
__Lirdata                          irdata       000000
__Lmediumconst                     mediumconst  000000
__LnvFARRAM                        nvFARRAM     000000
__Lnvbit                           nvbit        000000
__Lnvrram                          nvrram       000000
__Lparam                           rparam       000000
__Lpowerup                         powerup      000000
__Lram                             ram          000000
__Lramtop                          ramtop       000600
__Lrbit                            rbit         000000
__Lrbss                            rbss         000000
__Lrdata                           rdata        000000
__Lreset_vec                       reset_vec    000000
__Lrparam                          rparam       000000
__Lsfr                             sfr          000000
__Lsivt_hi                         sivt_hi      000000
__Lsivt_lo                         sivt_lo      000018
__Lsmallconst                      smallconst   000600
__Lspace_0                         (abs)        000000
__Lspace_1                         (abs)        000000
__Lspace_2                         (abs)        000000
__Lspace_4                         (abs)        000000
__Lstack                           stack        000000
__Lstruct                          struct       000000
__Ltemp                            temp         000000
__Ltext                            text         000000
__Ltext0                           text0        000000
__Ltext1                           text1        000000
__Ltext10                          text10       000000
__Ltext11                          text11       000000
__Ltext12                          text12       000000
__Ltext13                          text13       000000
__Ltext14                          text14       000000
__Ltext15                          text15       000000
__Ltext16                          text16       000000
__Ltext17                          text17       000000
__Ltext2                           text2        000000
__Ltext3                           text3        000000
__Ltext4                           text4        000000
__Ltext5                           text5        000000
__Ltext6                           text6        000000
__Ltext7                           text7        000000
__Ltext8                           text8        000000
__Ltext9                           text9        000000
__S0                               (abs)        003001
__S1                               (abs)        00004F
__S4                               (abs)        000000
__S5                               (abs)        000000
___flmul                           text15       000602
___flmul@a                         cstackCOMRAM 00001A
___flmul@aexp                      cstackCOMRAM 000027
___flmul@b                         cstackCOMRAM 000016
___flmul@bexp                      cstackCOMRAM 000028
___flmul@grs                       cstackCOMRAM 000023
___flmul@prod                      cstackCOMRAM 000029
___flmul@sign                      cstackCOMRAM 000022
___flmul@temp                      cstackCOMRAM 00002D
___fltol                           text14       000BDC
___fltol@exp1                      cstackCOMRAM 000038
___fltol@f1                        cstackCOMRAM 00002F
___fltol@sign1                     cstackCOMRAM 000037
___heap_hi                         (abs)        000000
___heap_lo                         (abs)        000000
___inthi_sp                        stack        000000
___inthi_stack_hi                  stack        000000
___inthi_stack_lo                  stack        000000
___intlo_sp                        stack        000000
___intlo_stack_hi                  stack        000000
___intlo_stack_lo                  stack        000000
___lwdiv                           text6        000F20
___lwdiv@counter                   cstackCOMRAM 000007
___lwdiv@dividend                  cstackCOMRAM 000001
___lwdiv@divisor                   cstackCOMRAM 000003
___lwdiv@quotient                  cstackCOMRAM 000005
___lwmod                           text5        00106C
___lwmod@counter                   cstackCOMRAM 000005
___lwmod@dividend                  cstackCOMRAM 000001
___lwmod@divisor                   cstackCOMRAM 000003
___param_bank                      (abs)        000000
___rparam_used                     (abs)        000001
___sp                              stack        000000
___stack_hi                        stack        000000
___stack_lo                        stack        000000
___xxtofl                          text13       000A28
___xxtofl@arg                      cstackCOMRAM 000012
___xxtofl@exp                      cstackCOMRAM 000011
___xxtofl@sign                     cstackCOMRAM 000010
___xxtofl@val                      cstackCOMRAM 000008
__accesstop                        (abs)        000060
__activetblptr                     (abs)        000000
__end_of___flmul                   text15       000A28
__end_of___fltol                   text14       000CE2
__end_of___lwdiv                   text6        000F92
__end_of___lwmod                   text5        0010D0
__end_of___xxtofl                  text13       000BDC
__end_of__initialization           cinit        00120A
__end_of_can_transmit              text16       001000
__end_of_get_rpm                   text11       001132
__end_of_init_adc                  text10       00122C
__end_of_init_can                  text9        0011EC
__end_of_init_config               text7        00123A
__end_of_init_digital_keypad       text8        001242
__end_of_main                      text0        000EAC
__end_of_my_itoa                   text3        000D9E
__end_of_process_indicator         text1        000E38
__end_of_read_adc                  text12       001178
__end_of_read_digital_keypad       text2        000F20
__end_of_reverse                   text4        00106C
__end_of_set_msg_id_std            text17       0011B4
__initialization                   cinit        0011EC
__mediumconst                      smallconst   000600
__pbssCOMRAM                       bssCOMRAM    000045
__pcinit                           cinit        0011EC
__pcstackCOMRAM                    cstackCOMRAM 000001
__pdataCOMRAM                      dataCOMRAM   00004E
__pidataCOMRAM                     idataCOMRAM  003000
__psmallconst                      smallconst   000600
__ptext0                           text0        000E38
__ptext1                           text1        000D9E
__ptext10                          text10       001210
__ptext11                          text11       0010D0
__ptext12                          text12       001132
__ptext13                          text13       000A28
__ptext14                          text14       000BDC
__ptext15                          text15       000602
__ptext16                          text16       000F92
__ptext17                          text17       001178
__ptext2                           text2        000EAC
__ptext3                           text3        000CE2
__ptext4                           text4        001000
__ptext5                           text5        00106C
__ptext6                           text6        000F20
__ptext7                           text7        00122C
__ptext8                           text8        00123A
__ptext9                           text9        0011B4
__ramtop                           ramtop       000600
__smallconst                       smallconst   000600
_can_transmit                      text16       000F92
_get_rpm                           text11       0010D0
_init_adc                          text10       001210
_init_can                          text9        0011B4
_init_config                       text7        00122C
_init_digital_keypad               text8        00123A
_main                              text0        000E38
_my_itoa                           text3        000CE2
_process_indicator                 text1        000D9E
_read_adc                          text12       001132
_read_digital_keypad               text2        000EAC
_reverse                           text4        001000
_set_msg_id_std                    text17       001178
can_transmit@data                  cstackCOMRAM 000007
can_transmit@i                     cstackCOMRAM 00000E
can_transmit@len                   cstackCOMRAM 000008
can_transmit@msg_id                cstackCOMRAM 000005
can_transmit@ptr                   cstackCOMRAM 00000C
end_of_initialization              cinit        00120A
get_rpm@rpm                        cstackCOMRAM 00003B
intlevel0                          text         000000
intlevel1                          text         000000
intlevel2                          text         000000
intlevel3                          text         000000
isa$std                            (abs)        000001
isa$xinst                          (abs)        000000
main@adc                           cstackCOMRAM 000042
main@data                          cstackCOMRAM 00003D
main@indicator                     cstackCOMRAM 000044
my_itoa@base                       cstackCOMRAM 00000D
my_itoa@i                          cstackCOMRAM 000011
my_itoa@num                        cstackCOMRAM 00000A
my_itoa@rem                        cstackCOMRAM 00000F
my_itoa@str                        cstackCOMRAM 00000C
process_indicator@indicator        bssCOMRAM    00004C
process_indicator@key              bssCOMRAM    00004A
read_adc@channel                   cstackCOMRAM 000007
read_adc@reg_val                   cstackCOMRAM 000005
read_digital_keypad@detection_type cstackCOMRAM 000001
read_digital_keypad@once           dataCOMRAM   00004E
reverse@end                        cstackCOMRAM 000008
reverse@length                     cstackCOMRAM 000002
reverse@start                      cstackCOMRAM 000006
reverse@str                        cstackCOMRAM 000001
reverse@temp                       cstackCOMRAM 000005
set_msg_id_std@id                  cstackCOMRAM 000001
stackhi                            (abs)        000000
stacklo                            (abs)        000000
start                              init         002FFC
start_initialization               cinit        0011EC


MODULE INFORMATION

Module		Function		Class		Link	Load	Size
sensor.c
		_process_indicator		CODE           	0D9E	0000	154
		_get_rpm       		CODE           	10D0	0000	98

sensor.c estimated size: 252

C:\Program Files\Microchip\xc8\v3.10\pic\sources\c99\common\lwmod.c
		___lwmod       		CODE           	106C	0000	100

C:\Program Files\Microchip\xc8\v3.10\pic\sources\c99\common\lwmod.c estimated size: 100

C:\Program Files\Microchip\xc8\v3.10\pic\sources\c99\common\lwdiv.c
		___lwdiv       		CODE           	0F20	0000	114

C:\Program Files\Microchip\xc8\v3.10\pic\sources\c99\common\lwdiv.c estimated size: 114

adc.c
		_init_adc      		CODE           	1210	0000	28
		_read_adc      		CODE           	1132	0000	70

adc.c estimated size: 98

C:\Program Files\Microchip\xc8\v3.10\pic\sources\c99\common\fltol.c
		___fltol       		CODE           	0BDC	0000	262

C:\Program Files\Microchip\xc8\v3.10\pic\sources\c99\common\fltol.c estimated size: 262

C:\Program Files\Microchip\xc8\v3.10\pic\sources\c99\common\sprcmul.c
		___flmul       		CODE           	0602	0000	1062

C:\Program Files\Microchip\xc8\v3.10\pic\sources\c99\common\sprcmul.c estimated size: 1062

C:\Program Files\Microchip\xc8\v3.10\pic\sources\c99\common\xxtofl.c
		___xxtofl      		CODE           	0A28	0000	436

C:\Program Files\Microchip\xc8\v3.10\pic\sources\c99\common\xxtofl.c estimated size: 436

shared
		__initialization		CODE           	11EC	0000	30

shared estimated size: 30

can.c
		_set_msg_id_std		CODE           	1178	0000	60
		_can_transmit  		CODE           	0F92	0000	110
		_init_can      		CODE           	11B4	0000	56

can.c estimated size: 226

main.c
		_main          		CODE           	0E38	0000	116
		_my_itoa       		CODE           	0CE2	0000	188
		_init_config   		CODE           	122C	0000	14
		_reverse       		CODE           	1000	0000	108

main.c estimated size: 426

dkp.c
		_init_digital_keypad		CODE           	123A	0000	8
		_read_digital_keypad		CODE           	0EAC	0000	116

dkp.c estimated size: 124

